// Jest Snapshot v1, https://goo.gl/fbAQLP

exports[`Card that it matches an existing snapshot 1`] = `
<div
  className="card"
>
  <div
    className="card__content"
  >
    <h2
      className="card__content-text"
    >
       
       
    </h2>
    <p
      className="card__content-emoji"
    >
      😍
    </p>
  </div>
</div>
`;
