// Jest Snapshot v1, https://goo.gl/fbAQLP

exports[`NewCardForm that it matches an existing snapshot 1`] = `
<section
  className="new-card-form"
>
  <h1
    className="new-card-form__header"
  >
     Create new card 
  </h1>
  <form
    className="new-card-form"
    id="new-card-form"
    name="new-card-form__form"
    onSubmit={[Function]}
  >
    <div>
      <textarea
        className="new-card-form__form-textarea"
        name="text"
        onChange={[Function]}
        value=""
      />
    </div>
    <div>
      <label
        className=".new-card-form__form-label"
        htmlFor="species"
      >
        Species
      </label>
      <input
        name="species"
        onChange={[Function]}
        placeholder="species"
      />
    </div>
    <input
      className="btn btn-success new-pet-form--submit"
      name="submit"
      type="submit"
      value="Add a Pet"
    />
  </form>
</section>
`;
